// Jest Snapshot v1, https://goo.gl/fbAQLP

exports[`Quotes renders the quotes component correctly 1`] = `
<div
  className="quote-container"
>
  <p
    className="quote"
  >
    “Without mathematics, there’s nothing you can do. Everything around you is mathematics. Everything around you is numbers.”
    <small>
       – Shakuntala Devi
    </small>
  </p>
</div>
`;
